-- This file and its contents are licensed under the Timescale License.
-- Please see the included NOTICE for copyright information and
-- LICENSE-TIMESCALE for a copy of the license.
\c :TEST_DBNAME :ROLE_SUPERUSER
-- helper function: float -> pseudorandom float [-0.5..0.5]
CREATE OR REPLACE FUNCTION mix(x anyelement) RETURNS float8 AS $$
    SELECT hashfloat8(x::float8) / pow(2, 32)
$$ LANGUAGE SQL;
\set CHUNKS 2::int
\set CHUNK_ROWS 100000::int
\set GROUPING_CARDINALITY 10::int
create table agggroup(t int, s int,
    cint2 int2, cint4 int4, cint8 int8);
select create_hypertable('agggroup', 's', chunk_time_interval => :GROUPING_CARDINALITY / :CHUNKS);
NOTICE:  adding not-null constraint to column "s"
   create_hypertable   
-----------------------
 (1,public,agggroup,t)
(1 row)

create view source as
select s * 10000 + t as t,
    s,
    case when t % 1051 = 0 then null
        else (mix(s + t * 1019) * 32767)::int2 end as cint2,
    (mix(s + t * 1021) * 32767)::int4 as cint4,
    (mix(s + t * 1031) * 32767)::int8 as cint8
from
    generate_series(1::int, :CHUNK_ROWS * :CHUNKS / :GROUPING_CARDINALITY) t,
    generate_series(0::int, :GROUPING_CARDINALITY - 1::int) s(s)
;
insert into agggroup select * from source where s = 1;
alter table agggroup set (timescaledb.compress, timescaledb.compress_orderby = 't',
    timescaledb.compress_segmentby = 's');
select count(compress_chunk(x)) from show_chunks('agggroup') x;
 count 
-------
     1
(1 row)

alter table agggroup add column ss int default 11;
alter table agggroup add column x text default '11';
insert into agggroup
select *, ss::text as x from (
    select *,
        case
            -- null in entire batch
            when s = 2 then null
            -- null for some rows
            when s = 3 and t % 1053 = 0 then null
            -- for some rows same as default
            when s = 4 and t % 1057 = 0 then 11
            -- not null for entire batch
            else s
        end as ss
    from source where s != 1
) t
;
select count(compress_chunk(x)) from show_chunks('agggroup') x;
 count 
-------
     2
(1 row)

vacuum freeze analyze agggroup;
set timescaledb.debug_require_vector_agg = 'require';
---- Uncomment to generate reference. Note that there are minor discrepancies
---- on float4 due to different numeric stability in our and PG implementations.
--set timescaledb.enable_vectorized_aggregation to off; set timescaledb.debug_require_vector_agg = 'allow';
select
    format('%sselect %s%s(%s) from agggroup%s%s%s;',
            explain,
            grouping || ', ',
            function, variable,
            ' where ' || condition,
            ' group by ' || grouping,
            format(' order by %s(%s), ', function, variable) || grouping || ' limit 10',
            function, variable)
from
    unnest(array[
        'explain (costs off) ',
        null]) explain,
    unnest(array[
        'cint2',
        '*']) variable,
    unnest(array[
        'min',
        'count']) function,
    unnest(array[
        null,
        'cint2 > 0']) with ordinality as condition(condition, n),
    unnest(array[
        null,
        's',
        'cint2',
        'cint4',
        'cint8',
        'x',
        'ss, x',
        't, s, ss, x, cint2, cint4, cint8']) with ordinality as grouping(grouping, n)
where
    true
    and (explain is null /* or condition is null and grouping = 's' */)
    and (variable != '*' or function = 'count')
order by explain, condition.n, variable, function, grouping.n
\gexec
select count(*) from agggroup;
 count  
--------
 200000
(1 row)

select s, count(*) from agggroup group by s order by count(*), s limit 10;
 s | count 
---+-------
 0 | 20000
 1 | 20000
 2 | 20000
 3 | 20000
 4 | 20000
 5 | 20000
 6 | 20000
 7 | 20000
 8 | 20000
 9 | 20000
(10 rows)

select cint2, count(*) from agggroup group by cint2 order by count(*), cint2 limit 10;
 cint2  | count 
--------+-------
 -16216 |     1
 -16071 |     1
 -15916 |     1
 -15892 |     1
 -15891 |     1
 -15732 |     1
 -15693 |     1
 -15637 |     1
 -15620 |     1
 -15615 |     1
(10 rows)

select cint4, count(*) from agggroup group by cint4 order by count(*), cint4 limit 10;
 cint4  | count 
--------+-------
 -16350 |     1
 -16237 |     1
 -16144 |     1
 -15987 |     1
 -15925 |     1
 -15862 |     1
 -15849 |     1
 -15825 |     1
 -15804 |     1
 -15760 |     1
(10 rows)

select cint8, count(*) from agggroup group by cint8 order by count(*), cint8 limit 10;
 cint8  | count 
--------+-------
 -16342 |     1
 -16246 |     1
 -16197 |     1
 -16152 |     1
 -16064 |     1
 -15932 |     1
 -15908 |     1
 -15869 |     1
 -15819 |     1
 -15753 |     1
(10 rows)

select x, count(*) from agggroup group by x order by count(*), x limit 10;
 x  | count 
----+-------
    |    19
 3  | 19981
 4  | 19981
 0  | 20000
 5  | 20000
 6  | 20000
 7  | 20000
 8  | 20000
 9  | 20000
 11 | 40019
(10 rows)

select ss, x, count(*) from agggroup group by ss, x order by count(*), ss, x limit 10;
 ss | x  | count 
----+----+-------
    |    |    19
  3 | 3  | 19981
  4 | 4  | 19981
  0 | 0  | 20000
  5 | 5  | 20000
  6 | 6  | 20000
  7 | 7  | 20000
  8 | 8  | 20000
  9 | 9  | 20000
 11 | 11 | 40019
(10 rows)

select t, s, ss, x, cint2, cint4, cint8, count(*) from agggroup group by t, s, ss, x, cint2, cint4, cint8 order by count(*), t, s, ss, x, cint2, cint4, cint8 limit 10;
 t  | s | ss | x | cint2  | cint4  | cint8 | count 
----+---+----+---+--------+--------+-------+-------
  1 | 0 |  0 | 0 |   3398 | -15736 | 12910 |     1
  2 | 0 |  0 | 0 |  -5373 |   1096 | -6638 |     1
  3 | 0 |  0 | 0 |  -7109 | -15920 | 13672 |     1
  4 | 0 |  0 | 0 |  -4927 |  14299 | -8187 |     1
  5 | 0 |  0 | 0 |   4859 |   9267 |  6436 |     1
  6 | 0 |  0 | 0 |  12177 |  -5203 |  9870 |     1
  7 | 0 |  0 | 0 |   5174 |   6620 |  -781 |     1
  8 | 0 |  0 | 0 | -12705 | -10427 |   876 |     1
  9 | 0 |  0 | 0 |   2257 | -14954 | -1593 |     1
 10 | 0 |  0 | 0 |   3923 |  10047 | -7626 |     1
(10 rows)

select count(cint2) from agggroup;
 count  
--------
 199810
(1 row)

select s, count(cint2) from agggroup group by s order by count(cint2), s limit 10;
 s | count 
---+-------
 0 | 19981
 1 | 19981
 2 | 19981
 3 | 19981
 4 | 19981
 5 | 19981
 6 | 19981
 7 | 19981
 8 | 19981
 9 | 19981
(10 rows)

select cint2, count(cint2) from agggroup group by cint2 order by count(cint2), cint2 limit 10;
 cint2  | count 
--------+-------
        |     0
 -16216 |     1
 -16071 |     1
 -15916 |     1
 -15892 |     1
 -15891 |     1
 -15732 |     1
 -15693 |     1
 -15637 |     1
 -15620 |     1
(10 rows)

select cint4, count(cint2) from agggroup group by cint4 order by count(cint2), cint4 limit 10;
 cint4  | count 
--------+-------
   8426 |     0
 -16350 |     1
 -16237 |     1
 -16144 |     1
 -15987 |     1
 -15925 |     1
 -15862 |     1
 -15849 |     1
 -15825 |     1
 -15804 |     1
(10 rows)

select cint8, count(cint2) from agggroup group by cint8 order by count(cint2), cint8 limit 10;
 cint8  | count 
--------+-------
 -16342 |     1
 -16246 |     1
 -16197 |     1
 -16152 |     1
 -16064 |     1
 -15932 |     1
 -15908 |     1
 -15869 |     1
 -15819 |     1
 -15753 |     1
(10 rows)

select x, count(cint2) from agggroup group by x order by count(cint2), x limit 10;
 x  | count 
----+-------
    |    19
 3  | 19962
 4  | 19962
 0  | 19981
 5  | 19981
 6  | 19981
 7  | 19981
 8  | 19981
 9  | 19981
 11 | 39981
(10 rows)

select ss, x, count(cint2) from agggroup group by ss, x order by count(cint2), ss, x limit 10;
 ss | x  | count 
----+----+-------
    |    |    19
  3 | 3  | 19962
  4 | 4  | 19962
  0 | 0  | 19981
  5 | 5  | 19981
  6 | 6  | 19981
  7 | 7  | 19981
  8 | 8  | 19981
  9 | 9  | 19981
 11 | 11 | 39981
(10 rows)

select t, s, ss, x, cint2, cint4, cint8, count(cint2) from agggroup group by t, s, ss, x, cint2, cint4, cint8 order by count(cint2), t, s, ss, x, cint2, cint4, cint8 limit 10;
   t   | s | ss | x | cint2 | cint4  | cint8  | count 
-------+---+----+---+-------+--------+--------+-------
  1051 | 0 |  0 | 0 |       |  -8612 |  14327 |     0
  2102 | 0 |  0 | 0 |       |  11069 |  16047 |     0
  3153 | 0 |  0 | 0 |       |   6192 |  12700 |     0
  4204 | 0 |  0 | 0 |       |   4165 | -10102 |     0
  5255 | 0 |  0 | 0 |       |  16314 |  13418 |     0
  6306 | 0 |  0 | 0 |       |    701 |  -3029 |     0
  7357 | 0 |  0 | 0 |       |   1115 |   4913 |     0
  8408 | 0 |  0 | 0 |       |  15553 |   1743 |     0
  9459 | 0 |  0 | 0 |       | -14640 |  11933 |     0
 10510 | 0 |  0 | 0 |       | -14725 |   6531 |     0
(10 rows)

select min(cint2) from agggroup;
  min   
--------
 -16383
(1 row)

select s, min(cint2) from agggroup group by s order by min(cint2), s limit 10;
 s |  min   
---+--------
 0 | -16383
 4 | -16383
 5 | -16383
 6 | -16383
 2 | -16382
 7 | -16382
 8 | -16382
 3 | -16381
 1 | -16378
 9 | -16375
(10 rows)

select cint2, min(cint2) from agggroup group by cint2 order by min(cint2), cint2 limit 10;
 cint2  |  min   
--------+--------
 -16383 | -16383
 -16382 | -16382
 -16381 | -16381
 -16380 | -16380
 -16379 | -16379
 -16378 | -16378
 -16377 | -16377
 -16376 | -16376
 -16375 | -16375
 -16374 | -16374
(10 rows)

select cint4, min(cint2) from agggroup group by cint4 order by min(cint2), cint4 limit 10;
 cint4  |  min   
--------+--------
 -16190 | -16383
 -13372 | -16383
 -10318 | -16383
  -9008 | -16383
  -3043 | -16383
   6729 | -16383
 -14012 | -16382
  -8606 | -16382
  -3080 | -16382
   2223 | -16382
(10 rows)

select cint8, min(cint2) from agggroup group by cint8 order by min(cint2), cint8 limit 10;
 cint8  |  min   
--------+--------
  -1794 | -16383
   4390 | -16383
   6326 | -16383
   6717 | -16383
  11094 | -16383
  13646 | -16383
 -15609 | -16382
 -10357 | -16382
  -9888 | -16382
    206 | -16382
(10 rows)

select x, min(cint2) from agggroup group by x order by min(cint2), x limit 10;
 x  |  min   
----+--------
 0  | -16383
 4  | -16383
 5  | -16383
 6  | -16383
 11 | -16382
 7  | -16382
 8  | -16382
 3  | -16381
 9  | -16375
    | -16100
(10 rows)

select ss, x, min(cint2) from agggroup group by ss, x order by min(cint2), ss, x limit 10;
 ss | x  |  min   
----+----+--------
  0 | 0  | -16383
  4 | 4  | -16383
  5 | 5  | -16383
  6 | 6  | -16383
  7 | 7  | -16382
  8 | 8  | -16382
 11 | 11 | -16382
  3 | 3  | -16381
  9 | 9  | -16375
    |    | -16100
(10 rows)

select t, s, ss, x, cint2, cint4, cint8, min(cint2) from agggroup group by t, s, ss, x, cint2, cint4, cint8 order by min(cint2), t, s, ss, x, cint2, cint4, cint8 limit 10;
   t   | s | ss | x  | cint2  | cint4  | cint8  |  min   
-------+---+----+----+--------+--------+--------+--------
  6194 | 0 |  0 | 0  | -16383 | -13372 |  11094 | -16383
 17044 | 0 |  0 | 0  | -16383 | -10318 |   6326 | -16383
 53843 | 4 |  4 | 4  | -16383 |  -9008 |   4390 | -16383
 60530 | 5 |  5 | 5  | -16383 |   6729 |   6717 | -16383
 73208 | 6 |  6 | 6  | -16383 |  -3043 |  -1794 | -16383
 74870 | 6 |  6 | 6  | -16383 | -16190 |  13646 | -16383
 22836 | 2 | 11 | 11 | -16382 |  -3080 | -15609 | -16382
 29858 | 2 | 11 | 11 | -16382 | -14012 |  -9888 | -16382
 31516 | 2 | 11 | 11 | -16382 |   6193 |    206 | -16382
 76781 | 7 |  7 | 7  | -16382 |   9938 |   6519 | -16382
(10 rows)

select count(*) from agggroup where cint2 > 0;
 count 
-------
 99664
(1 row)

select s, count(*) from agggroup where cint2 > 0 group by s order by count(*), s limit 10;
 s | count 
---+-------
 2 |  9868
 6 |  9890
 3 |  9893
 8 |  9898
 4 |  9906
 7 |  9973
 0 | 10012
 9 | 10018
 1 | 10096
 5 | 10110
(10 rows)

select cint2, count(*) from agggroup where cint2 > 0 group by cint2 order by count(*), cint2 limit 10;
 cint2 | count 
-------+-------
   153 |     1
   290 |     1
   490 |     1
   605 |     1
   666 |     1
   700 |     1
   780 |     1
   851 |     1
   936 |     1
  1001 |     1
(10 rows)

select cint4, count(*) from agggroup where cint2 > 0 group by cint4 order by count(*), cint4 limit 10;
 cint4  | count 
--------+-------
 -16383 |     1
 -16380 |     1
 -16371 |     1
 -16368 |     1
 -16366 |     1
 -16365 |     1
 -16363 |     1
 -16360 |     1
 -16356 |     1
 -16350 |     1
(10 rows)

select cint8, count(*) from agggroup where cint2 > 0 group by cint8 order by count(*), cint8 limit 10;
 cint8  | count 
--------+-------
 -16382 |     1
 -16378 |     1
 -16372 |     1
 -16353 |     1
 -16342 |     1
 -16338 |     1
 -16337 |     1
 -16336 |     1
 -16330 |     1
 -16328 |     1
(10 rows)

select x, count(*) from agggroup where cint2 > 0 group by x order by count(*), x limit 10;
 x  | count 
----+-------
    |     7
 3  |  9886
 6  |  9890
 4  |  9897
 8  |  9898
 7  |  9973
 0  | 10012
 9  | 10018
 5  | 10110
 11 | 19973
(10 rows)

select ss, x, count(*) from agggroup where cint2 > 0 group by ss, x order by count(*), ss, x limit 10;
 ss | x  | count 
----+----+-------
    |    |     7
  3 | 3  |  9886
  6 | 6  |  9890
  4 | 4  |  9897
  8 | 8  |  9898
  7 | 7  |  9973
  0 | 0  | 10012
  9 | 9  | 10018
  5 | 5  | 10110
 11 | 11 | 19973
(10 rows)

select t, s, ss, x, cint2, cint4, cint8, count(*) from agggroup where cint2 > 0 group by t, s, ss, x, cint2, cint4, cint8 order by count(*), t, s, ss, x, cint2, cint4, cint8 limit 10;
 t  | s | ss | x | cint2 | cint4  | cint8 | count 
----+---+----+---+-------+--------+-------+-------
  1 | 0 |  0 | 0 |  3398 | -15736 | 12910 |     1
  5 | 0 |  0 | 0 |  4859 |   9267 |  6436 |     1
  6 | 0 |  0 | 0 | 12177 |  -5203 |  9870 |     1
  7 | 0 |  0 | 0 |  5174 |   6620 |  -781 |     1
  9 | 0 |  0 | 0 |  2257 | -14954 | -1593 |     1
 10 | 0 |  0 | 0 |  3923 |  10047 | -7626 |     1
 14 | 0 |  0 | 0 |  4669 | -13766 |  -398 |     1
 15 | 0 |  0 | 0 | 15101 | -13009 | 14045 |     1
 19 | 0 |  0 | 0 |  7684 | -16257 |  4566 |     1
 22 | 0 |  0 | 0 | 11755 |  -6345 | -8658 |     1
(10 rows)

select count(cint2) from agggroup where cint2 > 0;
 count 
-------
 99664
(1 row)

select s, count(cint2) from agggroup where cint2 > 0 group by s order by count(cint2), s limit 10;
 s | count 
---+-------
 2 |  9868
 6 |  9890
 3 |  9893
 8 |  9898
 4 |  9906
 7 |  9973
 0 | 10012
 9 | 10018
 1 | 10096
 5 | 10110
(10 rows)

select cint2, count(cint2) from agggroup where cint2 > 0 group by cint2 order by count(cint2), cint2 limit 10;
 cint2 | count 
-------+-------
   153 |     1
   290 |     1
   490 |     1
   605 |     1
   666 |     1
   700 |     1
   780 |     1
   851 |     1
   936 |     1
  1001 |     1
(10 rows)

select cint4, count(cint2) from agggroup where cint2 > 0 group by cint4 order by count(cint2), cint4 limit 10;
 cint4  | count 
--------+-------
 -16383 |     1
 -16380 |     1
 -16371 |     1
 -16368 |     1
 -16366 |     1
 -16365 |     1
 -16363 |     1
 -16360 |     1
 -16356 |     1
 -16350 |     1
(10 rows)

select cint8, count(cint2) from agggroup where cint2 > 0 group by cint8 order by count(cint2), cint8 limit 10;
 cint8  | count 
--------+-------
 -16382 |     1
 -16378 |     1
 -16372 |     1
 -16353 |     1
 -16342 |     1
 -16338 |     1
 -16337 |     1
 -16336 |     1
 -16330 |     1
 -16328 |     1
(10 rows)

select x, count(cint2) from agggroup where cint2 > 0 group by x order by count(cint2), x limit 10;
 x  | count 
----+-------
    |     7
 3  |  9886
 6  |  9890
 4  |  9897
 8  |  9898
 7  |  9973
 0  | 10012
 9  | 10018
 5  | 10110
 11 | 19973
(10 rows)

select ss, x, count(cint2) from agggroup where cint2 > 0 group by ss, x order by count(cint2), ss, x limit 10;
 ss | x  | count 
----+----+-------
    |    |     7
  3 | 3  |  9886
  6 | 6  |  9890
  4 | 4  |  9897
  8 | 8  |  9898
  7 | 7  |  9973
  0 | 0  | 10012
  9 | 9  | 10018
  5 | 5  | 10110
 11 | 11 | 19973
(10 rows)

select t, s, ss, x, cint2, cint4, cint8, count(cint2) from agggroup where cint2 > 0 group by t, s, ss, x, cint2, cint4, cint8 order by count(cint2), t, s, ss, x, cint2, cint4, cint8 limit 10;
 t  | s | ss | x | cint2 | cint4  | cint8 | count 
----+---+----+---+-------+--------+-------+-------
  1 | 0 |  0 | 0 |  3398 | -15736 | 12910 |     1
  5 | 0 |  0 | 0 |  4859 |   9267 |  6436 |     1
  6 | 0 |  0 | 0 | 12177 |  -5203 |  9870 |     1
  7 | 0 |  0 | 0 |  5174 |   6620 |  -781 |     1
  9 | 0 |  0 | 0 |  2257 | -14954 | -1593 |     1
 10 | 0 |  0 | 0 |  3923 |  10047 | -7626 |     1
 14 | 0 |  0 | 0 |  4669 | -13766 |  -398 |     1
 15 | 0 |  0 | 0 | 15101 | -13009 | 14045 |     1
 19 | 0 |  0 | 0 |  7684 | -16257 |  4566 |     1
 22 | 0 |  0 | 0 | 11755 |  -6345 | -8658 |     1
(10 rows)

select min(cint2) from agggroup where cint2 > 0;
 min 
-----
   1
(1 row)

select s, min(cint2) from agggroup where cint2 > 0 group by s order by min(cint2), s limit 10;
 s | min 
---+-----
 1 |   1
 2 |   1
 3 |   1
 5 |   1
 7 |   1
 8 |   1
 9 |   2
 6 |   3
 0 |   4
 4 |   4
(10 rows)

select cint2, min(cint2) from agggroup where cint2 > 0 group by cint2 order by min(cint2), cint2 limit 10;
 cint2 | min 
-------+-----
     1 |   1
     2 |   2
     3 |   3
     4 |   4
     5 |   5
     6 |   6
     7 |   7
     8 |   8
     9 |   9
    10 |  10
(10 rows)

select cint4, min(cint2) from agggroup where cint2 > 0 group by cint4 order by min(cint2), cint4 limit 10;
 cint4  | min 
--------+-----
 -12025 |   1
 -10344 |   1
  -4190 |   1
  -1493 |   1
   1863 |   1
   9242 |   1
  11189 |   1
  14078 |   1
  15656 |   1
 -11410 |   2
(10 rows)

select cint8, min(cint2) from agggroup where cint2 > 0 group by cint8 order by min(cint2), cint8 limit 10;
 cint8  | min 
--------+-----
 -13684 |   1
  -9798 |   1
  -5168 |   1
  -2827 |   1
  -2210 |   1
  -1043 |   1
   7650 |   1
   9929 |   1
  12597 |   1
 -13639 |   2
(10 rows)

select x, min(cint2) from agggroup where cint2 > 0 group by x order by min(cint2), x limit 10;
 x  | min  
----+------
 11 |    1
 3  |    1
 5  |    1
 7  |    1
 8  |    1
 9  |    2
 6  |    3
 0  |    4
 4  |    4
    | 3667
(10 rows)

select ss, x, min(cint2) from agggroup where cint2 > 0 group by ss, x order by min(cint2), ss, x limit 10;
 ss | x  | min  
----+----+------
  3 | 3  |    1
  5 | 5  |    1
  7 | 7  |    1
  8 | 8  |    1
 11 | 11 |    1
  9 | 9  |    2
  6 | 6  |    3
  0 | 0  |    4
  4 | 4  |    4
    |    | 3667
(10 rows)

select t, s, ss, x, cint2, cint4, cint8, min(cint2) from agggroup where cint2 > 0 group by t, s, ss, x, cint2, cint4, cint8 order by min(cint2), t, s, ss, x, cint2, cint4, cint8 limit 10;
   t   | s | ss | x  | cint2 | cint4  | cint8  | min 
-------+---+----+----+-------+--------+--------+-----
 11611 | 1 | 11 | 11 |     1 | -12025 |  -2210 |   1
 28649 | 2 | 11 | 11 |     1 |  -1493 |  -1043 |   1
 28786 | 1 | 11 | 11 |     1 |  -4190 |  -2827 |   1
 41774 | 3 |  3 | 3  |     1 |   1863 |   7650 |   1
 41779 | 3 |  3 | 3  |     1 |  14078 |   9929 |   1
 51152 | 5 |  5 | 5  |     1 |   9242 |  -9798 |   1
 70932 | 7 |  7 | 7  |     1 | -10344 | -13684 |   1
 86957 | 7 |  7 | 7  |     1 |  15656 |  12597 |   1
 89689 | 8 |  8 | 8  |     1 |  11189 |  -5168 |   1
 22147 | 1 | 11 | 11 |     2 |  -9569 |   9760 |   2
(10 rows)

reset timescaledb.debug_require_vector_agg;
